PIPELINE STARTED: Sat May  9 13:31:03 UTC 2026

############################################################
  N-HiTS-S LR TUNING
  LRs: [0.0003, 0.001, 0.003]
  Architecture: hidden=512, blocks=10, backcast_mult=4
  Budget: bs=512, batches=93, max_epochs=200, patience=15
  Started: 2026-05-09 13:31:04
############################################################

============================================================
  RUNNING: NHITS_LR_0.0003_seed1
============================================================
  Completed in 00:22:27 | Run ID: fa4mdcj9

  Results saved to /teamspace/studios/this_studio/Thesis_N_Beats/NBEATSS_thesis/nhits_lr_tuning_results.csv

============================================================
  RUNNING: NHITS_LR_0.001_seed1
============================================================
  Completed in 00:19:33 | Run ID: bbqh1eq7

  Results saved to /teamspace/studios/this_studio/Thesis_N_Beats/NBEATSS_thesis/nhits_lr_tuning_results.csv

============================================================
  RUNNING: NHITS_LR_0.003_seed1
============================================================
  Completed in 00:24:51 | Run ID: 5qbin6lz

  Results saved to /teamspace/studios/this_studio/Thesis_N_Beats/NBEATSS_thesis/nhits_lr_tuning_results.csv

  Restored main_nhits.py from backup

  Total runtime: 01:06:52

  LR TUNING SUMMARY:
  LR           sMAPE        RMSSE       
  0.0003       N/A          N/A         
  0.001        N/A          N/A         
  0.003        N/A          N/A         

  Results saved to /teamspace/studios/this_studio/Thesis_N_Beats/NBEATSS_thesis/nhits_lr_tuning_results.csv
STAGE 1 DONE (N-HiTS LR sweep): Sat May  9 14:37:56 UTC 2026

############################################################
  N-BEATS-S LAMBDA RE-CHECK SWEEP
  Lambdas: [0.0, 0.02, 0.05, 0.1, 0.15]
  Settings: bs=512, batches=93, max_epochs=155, fp32, seed=1
  Started: 2026-05-09 14:37:57
############################################################

============================================================
  RUNNING: Lambda_0.0_seed1  (lambda_stability=0.0)
============================================================
  Completed in 02:13:00 | Run ID: cd7s4pvf

  Results saved to /teamspace/studios/this_studio/Thesis_N_Beats/NBEATSS_thesis/lambda_recheck_results.csv

============================================================
  RUNNING: Lambda_0.02_seed1  (lambda_stability=0.02)
============================================================
  Completed in 02:12:02 | Run ID: sq766yqq

  Results saved to /teamspace/studios/this_studio/Thesis_N_Beats/NBEATSS_thesis/lambda_recheck_results.csv

============================================================
  RUNNING: Lambda_0.05_seed1  (lambda_stability=0.05)
============================================================
  Completed in 02:19:02 | Run ID: htrrkfns

  Results saved to /teamspace/studios/this_studio/Thesis_N_Beats/NBEATSS_thesis/lambda_recheck_results.csv

============================================================
  RUNNING: Lambda_0.1_seed1  (lambda_stability=0.1)
============================================================
  Completed in 02:17:44 | Run ID: plycsuz0

  Results saved to /teamspace/studios/this_studio/Thesis_N_Beats/NBEATSS_thesis/lambda_recheck_results.csv

============================================================
  RUNNING: Lambda_0.15_seed1  (lambda_stability=0.15)
============================================================
  Completed in 02:13:01 | Run ID: tzkqoww0

  Results saved to /teamspace/studios/this_studio/Thesis_N_Beats/NBEATSS_thesis/lambda_recheck_results.csv

  Restored main.py from backup

  Total runtime: 11:14:51

  LAMBDA RE-CHECK SUMMARY:
  Lambda     sMAPE        RMSSE        RMSSC        sMAPC       
  -------------------------------------------------------
  0.0        N/A          N/A          N/A          N/A         
  0.02       N/A          N/A          N/A          N/A         
  0.05       N/A          N/A          N/A          N/A         
  0.1        N/A          N/A          N/A          N/A         
  0.15       N/A          N/A          N/A          N/A         
  WARNING: No Standard (lambda=0) baseline for comparison.

  Results saved to /teamspace/studios/this_studio/Thesis_N_Beats/NBEATSS_thesis/lambda_recheck_results.csv
STAGE 2 DONE (lambda re-check): Sun May 10 01:52:48 UTC 2026

############################################################
  GRADIENT CLIPPING SENSITIVITY COMPARISON
  Clip values: [1.0, 10.0]  (10.0 = effectively no clipping)
  Config: M3 Scratch Stabilized, lambda=0.02, bs_mult=6
  Budget: bs=512, batches=93, max_epochs=155, fp32, val mode
  Started: 2026-05-10 01:52:49
############################################################

============================================================
  RUNNING: clip_1.0_lambda_0.02_seed1
============================================================
  Completed in 02:11:25 | Run ID: b0w3ajqf

  Results saved to /teamspace/studios/this_studio/Thesis_N_Beats/NBEATSS_thesis/gradient_clip_compare.csv

============================================================
  RUNNING: clip_10.0_lambda_0.02_seed1
============================================================
  Completed in 02:12:46 | Run ID: byafbced

  Results saved to /teamspace/studios/this_studio/Thesis_N_Beats/NBEATSS_thesis/gradient_clip_compare.csv

  Restored main.py from backup

  Total runtime: 04:24:12

  GRADIENT CLIPPING SUMMARY:
  Clip       sMAPE        RMSSE        vloss       
  ---------------------------------------------
  1.0        N/A          N/A          N/A         
  10.0       N/A          N/A          N/A         

  Results saved to /teamspace/studios/this_studio/Thesis_N_Beats/NBEATSS_thesis/gradient_clip_compare.csv
STAGE 3 DONE (grad clip): Sun May 10 06:17:02 UTC 2026
============================================================
Reading pre-flight results...
============================================================

  ERROR: No valid stabilized lambda candidates in CSV.
  Raw rows: [{'lambda_stability': '0.0', 'seed': '1', 'run_id': 'cd7s4pvf', 'sMAPE': '', 'RMSSE': '', 'RMSSC': '', 'sMAPC': ''}, {'lambda_stability': '0.02', 'seed': '1', 'run_id': 'sq766yqq', 'sMAPE': '', 'RMSSE': '', 'RMSSC': '', 'sMAPC': ''}, {'lambda_stability': '0.05', 'seed': '1', 'run_id': 'htrrkfns', 'sMAPE': '', 'RMSSE': '', 'RMSSC': '', 'sMAPC': ''}, {'lambda_stability': '0.1', 'seed': '1', 'run_id': 'plycsuz0', 'sMAPE': '', 'RMSSE': '', 'RMSSC': '', 'sMAPC': ''}, {'lambda_stability': '0.15', 'seed': '1', 'run_id': 'tzkqoww0', 'sMAPE': '', 'RMSSE': '', 'RMSSC': '', 'sMAPC': ''}]
  Halting pipeline.
STAGE 4 DONE (auto-update): Sun May 10 06:17:02 UTC 2026

######################################################################
  N-BEATS-S TUNED EXPERIMENT RUNNER
  Architecture: hidden=256, n_blocks=20 (Van Belle et al., 2023)
  Started: 2026-05-10 06:17:03
  Total experiments: 24 (6 scratch + 6 pretrain + 6 finetune + 6 zeroshot)
  NOTE: Van Belle architecture (256/20) — M4 runs can take many hours
######################################################################

  Backed up main.py -> main_backup_tuned.py

######################################################################
  PHASE A: Scratch Standard (N-BEATS on M3, hidden=256, blocks=20)
######################################################################

======================================================================
  RUNNING: A_Scratch_Standard_seed1
  Config: dataset=M3, lambda=0.0, ema=0.0, lr=1e-3, epochs=155, seed=1, load_model=False
======================================================================
  Completed in 01:42:41
  Run ID: zraud12i

######################################################################
  PHASE A: Scratch Stabilized (N-BEATS-S on M3, hidden=256, blocks=20)
######################################################################

======================================================================
  RUNNING: B_Scratch_Stabilized_seed1
  Config: dataset=M3, lambda=0.02, ema=0.0, lr=1e-3, epochs=155, seed=1, load_model=False
======================================================================
  Completed in 01:42:57
  Run ID: fffhryej

######################################################################
  PHASE B: TL Standard Pre-train (N-BEATS on M4, hidden=256, blocks=20)
  NOTE: M4 runs can take many hours due to large eval set
######################################################################

======================================================================
  RUNNING: C_TL_Standard_pretrain_seed1
  Config: dataset=M4, lambda=0.0, ema=0.0, lr=1e-3, epochs=155, seed=1, load_model=False
======================================================================
  Completed in 01:59:59
  Run ID: 4lf1k5v9
  >> Stored pretrain model_id for Standard seed1: 4lf1k5v9

######################################################################
  PHASE B: TL Stabilized Pre-train (N-BEATS-S on M4, hidden=256, blocks=20)
######################################################################

======================================================================
  RUNNING: D_TL_Stabilized_pretrain_seed1
  Config: dataset=M4, lambda=0.02, ema=0.0, lr=1e-3, epochs=155, seed=1, load_model=False
======================================================================
  Completed in 02:00:10
  Run ID: 5e64f54n
  >> Stored pretrain model_id for Stabilized seed1: 5e64f54n

######################################################################
  PHASE C: TL Standard Fine-tune (M4->M3, hidden=256, blocks=20)
######################################################################

======================================================================
  RUNNING: C_TL_Standard_finetune_seed1
  Config: dataset=M3, lambda=0.0, ema=0.0, lr=1e-5, epochs=30, seed=1, load_model=True
======================================================================
  Completed in 00:20:15
  Run ID: 5emfx9rz

######################################################################
  PHASE C: TL Stabilized Fine-tune (M4->M3, hidden=256, blocks=20)
######################################################################

======================================================================
  RUNNING: D_TL_Stabilized_finetune_seed1
  Config: dataset=M3, lambda=0.02, ema=0.0, lr=1e-5, epochs=30, seed=1, load_model=True
======================================================================
  Completed in 00:20:21
  Run ID: 311ywt1t

######################################################################
  PHASE D: Zero-Shot (M4->test M3, no fine-tuning)
######################################################################

======================================================================
  RUNNING: E_ZeroShot_Standard_seed1
  Config: dataset=M3, lambda=0.0, ema=0.0, lr=1e-5, epochs=0, seed=1, load_model=True
======================================================================
  Completed in 00:00:19
  Run ID: d2kjmcuk

======================================================================
  RUNNING: E_ZeroShot_Stabilized_seed1
  Config: dataset=M3, lambda=0.02, ema=0.0, lr=1e-5, epochs=0, seed=1, load_model=True
======================================================================
  Completed in 00:00:19
  Run ID: 38hr9l3q

  Restored main.py from backup

  Total runtime: 08:07:05
  Completed: 2026-05-10 14:24:08

==========================================================================================
  N-BEATS-S TUNED RESULTS SUMMARY (hidden=256, blocks=20)
==========================================================================================
  Condition                      Seed   sMAPE        RMSSE        RMSSC        sMAPC       
  -------------------------------------------------------------------------------------

  ==========================================================================================
  MEAN +/- STD (across seeds)
  ==========================================================================================
  Condition                      sMAPE            RMSSE            RMSSC            sMAPC           
  -------------------------------------------------------------------------------------

  KEY COMPARISON (thesis answer):
STAGE 5 DONE (N-BEATS sweep): Sun May 10 14:24:08 UTC 2026

######################################################################
  N-HiTS-S TUNED EXPERIMENT RUNNER
  Architecture: hidden=512, n_blocks=10 (M4 HP-tuned)
  Started: 2026-05-10 14:24:09
  Total experiments: 24 (6 scratch + 6 pretrain + 6 finetune + 6 zeroshot)
######################################################################

  Backed up main_nhits.py -> main_nhits_backup_tuned.py

######################################################################
  PHASE A: N-HiTS Scratch Standard (on M3, hidden=512, blocks=10)
######################################################################

======================================================================
  RUNNING: NHITS_A_Scratch_Standard_seed1
  Config: dataset=M3, lambda=0.0, ema=0.0, lr=1e-3, epochs=155, seed=1, load_model=False
======================================================================
  Completed in 01:37:59
  Run ID: 2u03kymc

######################################################################
  PHASE A: N-HiTS Scratch Stabilized (on M3, hidden=512, blocks=10)
######################################################################

======================================================================
  RUNNING: NHITS_B_Scratch_Stabilized_seed1
  Config: dataset=M3, lambda=0.02, ema=0.0, lr=1e-3, epochs=155, seed=1, load_model=False
======================================================================
  Completed in 01:37:12
  Run ID: v88b9jqe

######################################################################
  PHASE B: N-HiTS TL Standard Pre-train (on M4, hidden=512, blocks=10)
######################################################################

======================================================================
  RUNNING: NHITS_C_TL_Standard_pretrain_seed1
  Config: dataset=M4, lambda=0.0, ema=0.0, lr=1e-3, epochs=155, seed=1, load_model=False
======================================================================
  Completed in 01:54:36
  Run ID: v0hrzes0
  >> Stored pretrain model_id for Standard seed1: v0hrzes0

######################################################################
  PHASE B: N-HiTS TL Stabilized Pre-train (on M4, hidden=512, blocks=10)
######################################################################

======================================================================
  RUNNING: NHITS_D_TL_Stabilized_pretrain_seed1
  Config: dataset=M4, lambda=0.02, ema=0.0, lr=1e-3, epochs=155, seed=1, load_model=False
======================================================================
  Completed in 01:55:42
  Run ID: 5gl0atq7
  >> Stored pretrain model_id for Stabilized seed1: 5gl0atq7

######################################################################
  PHASE C: N-HiTS TL Standard Fine-tune (M4->M3, hidden=512, blocks=10)
######################################################################

======================================================================
  RUNNING: NHITS_C_TL_Standard_finetune_seed1
  Config: dataset=M3, lambda=0.0, ema=0.0, lr=1e-5, epochs=30, seed=1, load_model=True
======================================================================
  Completed in 00:19:04
  Run ID: 6rvcpjjp

######################################################################
  PHASE C: N-HiTS TL Stabilized Fine-tune (M4->M3, hidden=512, blocks=10)
######################################################################

======================================================================
  RUNNING: NHITS_D_TL_Stabilized_finetune_seed1
  Config: dataset=M3, lambda=0.02, ema=0.0, lr=1e-5, epochs=30, seed=1, load_model=True
======================================================================
  Completed in 00:18:59
  Run ID: cob25fri

######################################################################
  PHASE D: N-HiTS Zero-Shot (M4->test M3, no fine-tuning)
######################################################################

======================================================================
  RUNNING: NHITS_E_ZeroShot_Standard_seed1
  Config: dataset=M3, lambda=0.0, ema=0.0, lr=1e-5, epochs=0, seed=1, load_model=True
======================================================================
  Completed in 00:00:19
  Run ID: 11044gi2

======================================================================
  RUNNING: NHITS_E_ZeroShot_Stabilized_seed1
  Config: dataset=M3, lambda=0.02, ema=0.0, lr=1e-5, epochs=0, seed=1, load_model=True
======================================================================
  Completed in 00:00:19
  Run ID: vb01e62g

  Restored main_nhits.py from backup

  Total runtime: 07:44:13
  Completed: 2026-05-10 22:08:22

==========================================================================================
  N-HiTS-S TUNED RESULTS SUMMARY (hidden=512, blocks=10)
==========================================================================================
  Condition                      Seed   sMAPE        RMSSE        RMSSC        sMAPC       
  -------------------------------------------------------------------------------------

  ==========================================================================================
  MEAN +/- STD (across seeds)
  ==========================================================================================
  Condition                      sMAPE            RMSSE            RMSSC            sMAPC           
  -------------------------------------------------------------------------------------
STAGE 6 DONE (N-HiTS sweep): Sun May 10 22:08:22 UTC 2026
ALL DONE: Sun May 10 22:08:22 UTC 2026
